---
source: crates/sqlake-tui/src/run.rs
assertion_line: 659
expression: "screen(&snap, &mut ui, 100, 30)"
---
                                                                                                    
┏ Explorer ━━━━━━━━━━━━━━━━┓│┌ Preview ────────────────────────────────────────────────────────────┐
┃▸ public                  ┃││                                                                     │
┃▸ analytics               ┃││                                                                     │
┃▸ restricted              ┃││                                                                     │
┃                          ┃││                                                                     │
┃                          ┃││                                                                     │
┃                          ┃││                                                                     │
┃                          ┃││                                                                     │
┃                          ┃││                                                                     │
┃                          ┃││                                                                     │
┃                          ┃││                                                                     │
┃                          ┃││                                                                     │
┃                          ┃││                                                                     │
┃                          ┃││                                                                     │
┃                          ┃││                                                                     │
┃                          ┃││                                                                     │
┃                          ┃││                                                                     │
┃                          ┃││                                                                     │
┃                          ┃││                                                                     │
┃                          ┃││                                                                     │
┃                          ┃││                                                                     │
┃                          ┃││                                                                     │
┃                          ┃││                                                                     │
┃                          ┃││                                                                     │
┃                          ┃││                                                                     │
┃                          ┃││                                                                     │
┃                          ┃││                                                                     │
┗━━━━━━━━━━━━━━━━━━━━━━━━━━┛│└─────────────────────────────────────────────────────────────────────┘
 Shift (or Option) + drag to select text
